Gym has been unmaintained since 2022 and does not support NumPy 2.0 amongst other critical functionality.
Please upgrade to Gymnasium, the maintained drop-in replacement of Gym, or contact the authors of your software and request that they upgrade.
See the migration guide at https://gymnasium.farama.org/introduction/migration_guide/ for additional information.
[16:59:28:203107]:[Warning]:[Metadata] SceneDatasetAttributes.cpp(107)::addNewSceneInstanceToDataset : Dataset : 'default' : Lighting Layout Attributes 'no_lights' specified in Scene Attributes but does not exist in dataset, so creating default.
[16:59:28:203345]:[Warning]:[Scene] SemanticScene.h(331)::checkFileExists : ::loadSemanticSceneDescriptor: File `/home/pinaka/habitat-sim/data/scene_datasets/habitat-test-scenes/skokloster-castle.scn` does not exist.  Aborting load.
[16:59:28:203363]:[Warning]:[Scene] SemanticScene.cpp(123)::loadSemanticSceneDescriptor : SSD File Naming Issue! Neither SemanticAttributes-provided name : `/home/pinaka/habitat-sim/data/scene_datasets/habitat-test-scenes/skokloster-castle.scn` nor constructed filename : `/home/pinaka/habitat-sim/data/scene_datasets/habitat-test-scenes/info_semantic.json` exist on disk.
[16:59:28:203373]:[Error]:[Scene] SemanticScene.cpp(139)::loadSemanticSceneDescriptor : SSD Load Failure! File with SemanticAttributes-provided name `/home/pinaka/habitat-sim/data/scene_datasets/habitat-test-scenes/skokloster-castle.scn` exists but failed to load.
[16:59:30:344915]:[Warning]:[Sim] Simulator.cpp(595)::instanceStageForSceneAttributes : The active scene does not contain semantic annotations : activeSemanticSceneID_ = 0
/home/pinaka/miniconda3/envs/habitat/lib/python3.9/site-packages/torch/cuda/__init__.py:182: UserWarning: CUDA initialization: Unexpected error from cudaGetDeviceCount(). Did you run some cuda functions before calling NumCudaDevices() that might have already set an error? Error 804: forward compatibility was attempted on non supported HW (Triggered internally at /pytorch/c10/cuda/CUDAFunctions.cpp:109.)
  return torch._C._cuda_getDeviceCount() > 0
Habitat simulator initialized.
Loading: models/lowlevel_curriculum_250k

Evaluating low-level navigation skill...

Ep 01: SUCCESS in 10 steps | start=2.09m | final=0.27m
Ep 02: SUCCESS in 27 steps | start=6.43m | final=0.48m
Ep 03: SUCCESS in 15 steps | start=3.86m | final=0.43m
Ep 04: SUCCESS in 23 steps | start=3.54m | final=0.48m
Ep 05: TIMEOUT | start=7.84m | final=5.32m
Ep 06: SUCCESS in 31 steps | start=5.71m | final=0.20m
Ep 07: SUCCESS in 20 steps | start=6.37m | final=0.41m
Ep 08: SUCCESS in 9 steps | start=3.05m | final=0.27m
Ep 09: SUCCESS in 21 steps | start=5.96m | final=0.50m
Ep 10: SUCCESS in 28 steps | start=5.02m | final=0.39m
Ep 11: SUCCESS in 28 steps | start=7.34m | final=0.42m
Ep 12: SUCCESS in 29 steps | start=5.51m | final=0.45m
Ep 13: SUCCESS in 24 steps | start=2.56m | final=0.34m
Ep 14: SUCCESS in 10 steps | start=2.91m | final=0.17m
Ep 15: SUCCESS in 23 steps | start=2.13m | final=0.32m
Ep 16: SUCCESS in 29 steps | start=7.83m | final=0.16m
Ep 17: TIMEOUT | start=7.84m | final=5.00m
Ep 18: SUCCESS in 12 steps | start=3.06m | final=0.44m
Ep 19: SUCCESS in 31 steps | start=3.96m | final=0.49m
Ep 20: SUCCESS in 29 steps | start=7.19m | final=0.32m

RESULTS 
Success Rate: 90.0%  (18/20)
Average Steps to Goal: 22.2
===================================

Saved per-episode log to: evaluation_log.txt
Saved summary to: training_results.txt
Saved distance curve logs to distance_logs.npy
